// Jest Snapshot v1, https://goo.gl/fbAQLP

exports[`Plans component renders without any issues 1`] = `
<Row
  className="plans"
>
  <Wrapper
    name="plans"
  >
    <div
      className="plans__intro"
    >
      <h2>
        Start eating healthy today
      </h2>
    </div>
    <div
      className="plans__body"
    >
      <div
        className="plans__box"
      >
        <div
          className="box__header"
        >
          <h3>
            Premium
          </h3>
          <p
            className="price"
          >
            $399/month
          </p>
          <p>
            That's only 13.30$ per meal
          </p>
        </div>
        <div
          className="box__body"
        >
          <div
            className="box__body__item"
          >
            <Icon
              name="check"
            />
            1 meal every day
          </div>
          <div
            className="box__body__item"
          >
            <Icon
              name="check"
            />
            Order 24/7
          </div>
          <div
            className="box__body__item"
          >
            <Icon
              name="check"
            />
            Access to newest creations
          </div>
          <div
            className="box__body__item"
          >
            <Icon
              name="check"
            />
            Free delivery
          </div>
        </div>
        <div
          className="box__footer"
        >
          <Button
            onClick={[Function]}
            text="Sign up now"
          />
        </div>
      </div>
    </div>
  </Wrapper>
</Row>
`;
